================================================================
== Design Size Report
================================================================

* Total Instructions per Compilation Phase
+---------------+-----------------------------+--------------+----------------------------------------------------------------------------------------+
| Phase         | Step                        | Instructions | Description                                                                            |
+---------------+-----------------------------+--------------+----------------------------------------------------------------------------------------+
| Compile/Link  |                             | 5,086        | After all functions are compiled and linked into a single design                       |
|               |                             |              |                                                                                        |
| Unroll/Inline |                             |              | After user unroll and inline pragmas are applied                                       |
|               | (1) unroll                  |   712        | user unroll pragmas are applied                                                        |
|               | (2) simplification          |   552        | simplification of applied user unroll pragmas                                          |
|               | (3) inline                  |   534        | user inline pragmas are applied                                                        |
|               | (4) simplification          |   383        | simplification of applied user inline pragmas                                          |
|               |                             |              |                                                                                        |
| Array/Struct  |                             |              | After user array partition and struct aggregate/disaggregate pragmas are applied       |
|               | (1) array partition         |   388        | user array partition pragmas are applied                                               |
|               | (2) simplification          |   388        | simplification of applied user array partition & struct aggregate/disaggregate pragmas |
|               | (3) aggregate/disaggregate  |   388        | user struct aggregate/disaggregate pragmas are applied                                 |
|               | (4) array reshape           |   388        | apply array reshape pragmas                                                            |
|               | (5) access patterns         |   424        | array access pattern optmizations                                                      |
|               |                             |              |                                                                                        |
| Performance   |                             |              | After transformations are applied to meet performance pragma targets                   |
|               | (1) loop simplification     |   427        | loop and instruction simplification                                                    |
|               | (2) parallelization         |   532        | loops are unrolled or pipelined to meet performance targets                            |
|               | (3) array partition         |   532        | arrays are partitioned to meet performance targets                                     |
|               | (4) simplification          |   530        | simplification of design after performance transformations                             |
|               |                             |              |                                                                                        |
| HW Transforms |                             |              | After hardware transfomations                                                          |
|               | (1) lowering                |   878        | initial conversion to HW specific instructions                                         |
|               | (2) optimizations           |   935        | high level synthesis optimizations                                                     |
+---------------+-----------------------------+--------------+----------------------------------------------------------------------------------------+

* Instructions per Function for each Compilation Phase
+--------------------------------+--------------------+----------------+---------------+--------------+-------------+---------------+
| Function                       | Location           | Compile/Link   | Unroll/Inline | Array/Struct | Performance | HW Transforms |
+--------------------------------+--------------------+----------------+---------------+--------------+-------------+---------------+
| + edgedetect                   | edgedetect.cpp:214 | 5,086          | 383           | 424          | 530         | 935           |
|  + rgbToGrayscale              | edgedetect.cpp:8   | 4,705          |               |              |             |               |
|   + floor                      | floordouble.cpp:6  | 2,677          |               |              |             |               |
|    + generic_floor<double>     | hls_floor.h:13     | 2,675          |               |              |             |               |
|       init_mask_table<double>  | hls_round.h:20     |   19           |               |              |             |               |
|       fp_struct                | x_hls_utils.h:456  |  319           |               |              |             |               |
|       __signbit                | x_hls_utils.h:512  |   18 (2 calls) |               |              |             |               |
|     + generic_copysign<double> | hls_copysign.h:10  |  959           |               |              |             |               |
|        fp_struct               | x_hls_utils.h:456  |  638 (2 calls) |               |              |             |               |
|      + to_ieee                 | x_hls_utils.h:509  |  303           |               |              |             |               |
|       + to_double              | x_hls_utils.h:494  |  301           |               |              |             |               |
|          data                  | x_hls_utils.h:475  |  279           |               |              |             |               |
|       data                     | x_hls_utils.h:475  |  279           |               |              |             |               |
|       fp_struct                | x_hls_utils.h:464  |  289           |               |              |             |               |
|     + to_ieee                  | x_hls_utils.h:509  |  303           |               |              |             |               |
|      + to_double               | x_hls_utils.h:494  |  301           |               |              |             |               |
|         data                   | x_hls_utils.h:475  |  279           |               |              |             |               |
|    set_smoothing_filter        | edgedetect.cpp:175 |   19           |               |              |             |               |
|    convolve2d_smoothing        | edgedetect.cpp:26  |   90           |               |              |             |               |
|    set_vertical_filter         | edgedetect.cpp:188 |   19           |               |              |             |               |
|    convolve2d_vertical         | edgedetect.cpp:69  |   90           |               |              |             |               |
|    set_horizontal_filter       | edgedetect.cpp:201 |   19           |               |              |             |               |
|    convolve2d_horizontal       | edgedetect.cpp:112 |   90           |               |              |             |               |
|    combthreshold               | edgedetect.cpp:155 |   45           |               |              |             |               |
|    generic_floor<double>       | hls_floor.h:13     |                |  45           |  45          |  45         |  45           |
+--------------------------------+--------------------+----------------+---------------+--------------+-------------+---------------+

* Design Size Message Settings
+---------------------------------------------+--------+------------------------------------------------------------------+
| Message Setting                             | Value  | Description                                                      |
+---------------------------------------------+--------+------------------------------------------------------------------+
| config_compile -design_size_maximum_warning | 100000 | Show a warning when total design instructions exceeds this value |
+---------------------------------------------+--------+------------------------------------------------------------------+


