

================================================================
== Vitis HLS Report for 'read_input_Pipeline_mem_rd'
================================================================
* Date:           Sat Apr 18 00:59:06 2026

* Version:        2024.2.2 (Build 6049644 on Mar  5 2025)
* Project:        vadd
* Solution:       hls (Vitis Kernel Flow Target)
* Product family: zynquplus
* Target device:  xczu9eg-ffvb1156-2-e


================================================================
== Performance Estimates
================================================================
+ Timing: 
    * Summary: 
    +--------+---------+----------+------------+
    |  Clock |  Target | Estimated| Uncertainty|
    +--------+---------+----------+------------+
    |ap_clk  |  6.67 ns|  4.867 ns|     1.80 ns|
    +--------+---------+----------+------------+

+ Latency: 
    * Summary: 
    +---------+---------+-----------+-----------+------+------+------------------------------------------------+
    |  Latency (cycles) |   Latency (absolute)  |   Interval  |                    Pipeline                    |
    |   min   |   max   |    min    |    max    |  min |  max |                      Type                      |
    +---------+---------+-----------+-----------+------+------+------------------------------------------------+
    |     4099|     4099|  27.328 us|  27.328 us|  4097|  4097|  loop auto-rewind stp (delay=0 clock cycles(s))|
    +---------+---------+-----------+-----------+------+------+------------------------------------------------+

    + Detail: 
        * Instance: 
        N/A

        * Loop: 
        +----------+---------+---------+----------+-----------+-----------+------+----------+
        |          |  Latency (cycles) | Iteration|  Initiation Interval  | Trip |          |
        | Loop Name|   min   |   max   |  Latency |  achieved |   target  | Count| Pipelined|
        +----------+---------+---------+----------+-----------+-----------+------+----------+
        |- mem_rd  |     4097|     4097|         3|          1|          1|  4096|       yes|
        +----------+---------+---------+----------+-----------+-----------+------+----------+



================================================================
== Utilization Estimates
================================================================
* Summary: 
+-----------------+---------+------+--------+--------+-----+
|       Name      | BRAM_18K|  DSP |   FF   |   LUT  | URAM|
+-----------------+---------+------+--------+--------+-----+
|DSP              |        -|     -|       -|       -|    -|
|Expression       |        -|     -|       0|      89|    -|
|FIFO             |        -|     -|       -|       -|    -|
|Instance         |        -|     -|       -|       -|    -|
|Memory           |        -|     -|       -|       -|    -|
|Multiplexer      |        -|     -|       0|      54|    -|
|Register         |        -|     -|      68|       -|    -|
+-----------------+---------+------+--------+--------+-----+
|Total            |        0|     0|      68|     143|    0|
+-----------------+---------+------+--------+--------+-----+
|Available        |     1824|  2520|  548160|  274080|    0|
+-----------------+---------+------+--------+--------+-----+
|Utilization (%)  |        0|     0|      ~0|      ~0|    0|
+-----------------+---------+------+--------+--------+-----+

+ Detail: 
    * Instance: 
    N/A

    * DSP: 
    N/A

    * Memory: 
    N/A

    * FIFO: 
    N/A

    * Expression: 
    +--------------------------------+----------+----+---+----+------------+------------+
    |          Variable Name         | Operation| DSP| FF| LUT| Bitwidth P0| Bitwidth P1|
    +--------------------------------+----------+----+---+----+------------+------------+
    |add_ln68_fu_102_p2              |         +|   0|  0|  38|          31|           1|
    |ap_ext_blocking_cur_n           |       and|   0|  0|   2|           1|           0|
    |ap_ext_blocking_n               |       and|   0|  0|   2|           1|           2|
    |ap_int_blocking_n               |       and|   0|  0|   2|           2|           2|
    |ap_str_blocking_n               |       and|   0|  0|   2|           2|           2|
    |icmp_ln68_fu_96_p2              |      icmp|   0|  0|  39|          32|          32|
    |ap_block_pp0_stage0_01001_grp1  |        or|   0|  0|   2|           1|           1|
    |ap_enable_pp0                   |       xor|   0|  0|   2|           1|           2|
    +--------------------------------+----------+----+---+----+------------+------------+
    |Total                           |          |   0|  0|  89|          71|          42|
    +--------------------------------+----------+----+---+----+------------+------------+

    * Multiplexer: 
    +-------------------------+----+-----------+-----+-----------+
    |           Name          | LUT| Input Size| Bits| Total Bits|
    +-------------------------+----+-----------+-----+-----------+
    |ap_done_int              |   9|          2|    1|          2|
    |ap_enable_reg_pp0_iter1  |   9|          2|    1|          2|
    |ap_sig_allocacmp_i_load  |   9|          2|   31|         62|
    |gmem0_blk_n_R            |   9|          2|    1|          2|
    |i_fu_52                  |   9|          2|   31|         62|
    |inStream1_blk_n          |   9|          2|    1|          2|
    +-------------------------+----+-----------+-----+-----------+
    |Total                    |  54|         12|   66|        132|
    +-------------------------+----+-----------+-----+-----------+

    * Register: 
    +----------------------------------+----+----+-----+-----------+
    |               Name               | FF | LUT| Bits| Const Bits|
    +----------------------------------+----+----+-----+-----------+
    |ap_CS_fsm                         |   1|   0|    1|          0|
    |ap_done_reg                       |   1|   0|    1|          0|
    |ap_enable_reg_pp0_iter1           |   1|   0|    1|          0|
    |ap_enable_reg_pp0_iter2           |   1|   0|    1|          0|
    |ap_loop_exit_ready_pp0_iter1_reg  |   1|   0|    1|          0|
    |gmem0_addr_read_reg_135           |  32|   0|   32|          0|
    |i_fu_52                           |  31|   0|   31|          0|
    +----------------------------------+----+----+-----+-----------+
    |Total                             |  68|   0|   68|          0|
    +----------------------------------+----+----+-----+-----------+



================================================================
== Interface
================================================================
* Summary: 
+--------------------------+-----+-----+------------+----------------------------+--------------+
|         RTL Ports        | Dir | Bits|  Protocol  |        Source Object       |    C Type    |
+--------------------------+-----+-----+------------+----------------------------+--------------+
|ap_clk                    |   in|    1|  ap_ctrl_hs|  read_input_Pipeline_mem_rd|  return value|
|ap_rst                    |   in|    1|  ap_ctrl_hs|  read_input_Pipeline_mem_rd|  return value|
|ap_start                  |   in|    1|  ap_ctrl_hs|  read_input_Pipeline_mem_rd|  return value|
|ap_done                   |  out|    1|  ap_ctrl_hs|  read_input_Pipeline_mem_rd|  return value|
|ap_idle                   |  out|    1|  ap_ctrl_hs|  read_input_Pipeline_mem_rd|  return value|
|ap_ready                  |  out|    1|  ap_ctrl_hs|  read_input_Pipeline_mem_rd|  return value|
|ap_ext_blocking_n         |  out|    1|  ap_ctrl_hs|  read_input_Pipeline_mem_rd|  return value|
|ap_str_blocking_n         |  out|    1|  ap_ctrl_hs|  read_input_Pipeline_mem_rd|  return value|
|ap_int_blocking_n         |  out|    1|  ap_ctrl_hs|  read_input_Pipeline_mem_rd|  return value|
|m_axi_gmem0_0_AWVALID     |  out|    1|       m_axi|                       gmem0|       pointer|
|m_axi_gmem0_0_AWREADY     |   in|    1|       m_axi|                       gmem0|       pointer|
|m_axi_gmem0_0_AWADDR      |  out|   64|       m_axi|                       gmem0|       pointer|
|m_axi_gmem0_0_AWID        |  out|    1|       m_axi|                       gmem0|       pointer|
|m_axi_gmem0_0_AWLEN       |  out|   32|       m_axi|                       gmem0|       pointer|
|m_axi_gmem0_0_AWSIZE      |  out|    3|       m_axi|                       gmem0|       pointer|
|m_axi_gmem0_0_AWBURST     |  out|    2|       m_axi|                       gmem0|       pointer|
|m_axi_gmem0_0_AWLOCK      |  out|    2|       m_axi|                       gmem0|       pointer|
|m_axi_gmem0_0_AWCACHE     |  out|    4|       m_axi|                       gmem0|       pointer|
|m_axi_gmem0_0_AWPROT      |  out|    3|       m_axi|                       gmem0|       pointer|
|m_axi_gmem0_0_AWQOS       |  out|    4|       m_axi|                       gmem0|       pointer|
|m_axi_gmem0_0_AWREGION    |  out|    4|       m_axi|                       gmem0|       pointer|
|m_axi_gmem0_0_AWUSER      |  out|    1|       m_axi|                       gmem0|       pointer|
|m_axi_gmem0_0_WVALID      |  out|    1|       m_axi|                       gmem0|       pointer|
|m_axi_gmem0_0_WREADY      |   in|    1|       m_axi|                       gmem0|       pointer|
|m_axi_gmem0_0_WDATA       |  out|   32|       m_axi|                       gmem0|       pointer|
|m_axi_gmem0_0_WSTRB       |  out|    4|       m_axi|                       gmem0|       pointer|
|m_axi_gmem0_0_WLAST       |  out|    1|       m_axi|                       gmem0|       pointer|
|m_axi_gmem0_0_WID         |  out|    1|       m_axi|                       gmem0|       pointer|
|m_axi_gmem0_0_WUSER       |  out|    1|       m_axi|                       gmem0|       pointer|
|m_axi_gmem0_0_ARVALID     |  out|    1|       m_axi|                       gmem0|       pointer|
|m_axi_gmem0_0_ARREADY     |   in|    1|       m_axi|                       gmem0|       pointer|
|m_axi_gmem0_0_ARADDR      |  out|   64|       m_axi|                       gmem0|       pointer|
|m_axi_gmem0_0_ARID        |  out|    1|       m_axi|                       gmem0|       pointer|
|m_axi_gmem0_0_ARLEN       |  out|   32|       m_axi|                       gmem0|       pointer|
|m_axi_gmem0_0_ARSIZE      |  out|    3|       m_axi|                       gmem0|       pointer|
|m_axi_gmem0_0_ARBURST     |  out|    2|       m_axi|                       gmem0|       pointer|
|m_axi_gmem0_0_ARLOCK      |  out|    2|       m_axi|                       gmem0|       pointer|
|m_axi_gmem0_0_ARCACHE     |  out|    4|       m_axi|                       gmem0|       pointer|
|m_axi_gmem0_0_ARPROT      |  out|    3|       m_axi|                       gmem0|       pointer|
|m_axi_gmem0_0_ARQOS       |  out|    4|       m_axi|                       gmem0|       pointer|
|m_axi_gmem0_0_ARREGION    |  out|    4|       m_axi|                       gmem0|       pointer|
|m_axi_gmem0_0_ARUSER      |  out|    1|       m_axi|                       gmem0|       pointer|
|m_axi_gmem0_0_RVALID      |   in|    1|       m_axi|                       gmem0|       pointer|
|m_axi_gmem0_0_RREADY      |  out|    1|       m_axi|                       gmem0|       pointer|
|m_axi_gmem0_0_RDATA       |   in|   32|       m_axi|                       gmem0|       pointer|
|m_axi_gmem0_0_RLAST       |   in|    1|       m_axi|                       gmem0|       pointer|
|m_axi_gmem0_0_RID         |   in|    1|       m_axi|                       gmem0|       pointer|
|m_axi_gmem0_0_RFIFONUM    |   in|    9|       m_axi|                       gmem0|       pointer|
|m_axi_gmem0_0_RUSER       |   in|    1|       m_axi|                       gmem0|       pointer|
|m_axi_gmem0_0_RRESP       |   in|    2|       m_axi|                       gmem0|       pointer|
|m_axi_gmem0_0_BVALID      |   in|    1|       m_axi|                       gmem0|       pointer|
|m_axi_gmem0_0_BREADY      |  out|    1|       m_axi|                       gmem0|       pointer|
|m_axi_gmem0_0_BRESP       |   in|    2|       m_axi|                       gmem0|       pointer|
|m_axi_gmem0_0_BID         |   in|    1|       m_axi|                       gmem0|       pointer|
|m_axi_gmem0_0_BUSER       |   in|    1|       m_axi|                       gmem0|       pointer|
|inStream1_din             |  out|   32|     ap_fifo|                   inStream1|       pointer|
|inStream1_full_n          |   in|    1|     ap_fifo|                   inStream1|       pointer|
|inStream1_write           |  out|    1|     ap_fifo|                   inStream1|       pointer|
|inStream1_num_data_valid  |   in|    3|     ap_fifo|                   inStream1|       pointer|
|inStream1_fifo_cap        |   in|    3|     ap_fifo|                   inStream1|       pointer|
|size                      |   in|   32|     ap_none|                        size|        scalar|
|sext_ln68                 |   in|   62|     ap_none|                   sext_ln68|        scalar|
+--------------------------+-----+-----+------------+----------------------------+--------------+

