#-----------------------------------------------------------
# Vivado v2024.1 (64-bit)
# SW Build 5076996 on Wed May 22 18:36:09 MDT 2024
# IP Build 5075265 on Wed May 22 21:45:21 MDT 2024
# SharedData Build 5076995 on Wed May 22 18:29:18 MDT 2024
# Start of session at: Sat Jul 27 04:21:30 2024
# Process ID: 601012
# Current directory: /home/tls/Dev/wonderland/AmdVitisMiscProjects/CommunicationEdgecases/hello_world_vadd/vadd/hls/impl/ip
# Command line: vivado -notrace -mode batch -source run_ippack.tcl
# Log file: /home/tls/Dev/wonderland/AmdVitisMiscProjects/CommunicationEdgecases/hello_world_vadd/vadd/hls/impl/ip/vivado.log
# Journal file: /home/tls/Dev/wonderland/AmdVitisMiscProjects/CommunicationEdgecases/hello_world_vadd/vadd/hls/impl/ip/vivado.jou
# Running On        :tls-Legion-5-15ACH6H
# Platform          :Ubuntu
# Operating System  :Ubuntu 22.04.4 LTS
# Processor Detail  :AMD Ryzen 5 5600H with Radeon Graphics
# CPU Frequency     :4142.143 MHz
# CPU Physical cores:6
# CPU Logical cores :12
# Host memory       :33489 MB
# Swap memory       :2147 MB
# Total Virtual     :35636 MB
# Available Virtual :27062 MB
#-----------------------------------------------------------
source run_ippack.tcl -notrace
