

================================================================
== Vitis HLS Report for 'edgedetect_Pipeline_2'
================================================================
* Date:           Fri Sep 20 23:14:17 2024

* Version:        2024.1 (Build 5069499 on May 21 2024)
* Project:        EdgedetectBaseline_cluster
* Solution:       hls (Vitis Kernel Flow Target)
* Product family: zynquplus
* Target device:  xczu9eg-ffvb1156-2-e


================================================================
== Performance Estimates
================================================================
+ Timing: 
    * Summary: 
    +--------+---------+----------+------------+
    |  Clock |  Target | Estimated| Uncertainty|
    +--------+---------+----------+------------+
    |ap_clk  |  6.67 ns|  2.548 ns|     1.80 ns|
    +--------+---------+----------+------------+

+ Latency: 
    * Summary: 
    +---------+---------+----------+----------+--------+--------+-----------------------------------------------+
    |  Latency (cycles) |  Latency (absolute) |     Interval    |                    Pipeline                   |
    |   min   |   max   |    min   |    max   |   min  |   max  |                      Type                     |
    +---------+---------+----------+----------+--------+--------+-----------------------------------------------+
    |   307202|   307202|  2.048 ms|  2.048 ms|  307201|  307201|  loop auto-rewind stp(delay=0 clock cycles(s))|
    +---------+---------+----------+----------+--------+--------+-----------------------------------------------+

    + Detail: 
        * Instance: 
        N/A

        * Loop: 
        +----------+---------+---------+----------+-----------+-----------+--------+----------+
        |          |  Latency (cycles) | Iteration|  Initiation Interval  |  Trip  |          |
        | Loop Name|   min   |   max   |  Latency |  achieved |   target  |  Count | Pipelined|
        +----------+---------+---------+----------+-----------+-----------+--------+----------+
        |- Loop 1  |   307200|   307200|         1|          1|          1|  307200|       yes|
        +----------+---------+---------+----------+-----------+-----------+--------+----------+



================================================================
== Utilization Estimates
================================================================
* Summary: 
+-----------------+---------+------+--------+--------+-----+
|       Name      | BRAM_18K|  DSP |   FF   |   LUT  | URAM|
+-----------------+---------+------+--------+--------+-----+
|DSP              |        -|     -|       -|       -|    -|
|Expression       |        -|     -|       0|      52|    -|
|FIFO             |        -|     -|       -|       -|    -|
|Instance         |        -|     -|       -|       -|    -|
|Memory           |        -|     -|       -|       -|    -|
|Multiplexer      |        -|     -|       0|      27|    -|
|Register         |        -|     -|      21|       -|    -|
+-----------------+---------+------+--------+--------+-----+
|Total            |        0|     0|      21|      79|    0|
+-----------------+---------+------+--------+--------+-----+
|Available        |     1824|  2520|  548160|  274080|    0|
+-----------------+---------+------+--------+--------+-----+
|Utilization (%)  |        0|     0|      ~0|      ~0|    0|
+-----------------+---------+------+--------+--------+-----+

+ Detail: 
    * Instance: 
    N/A

    * DSP: 
    N/A

    * Memory: 
    N/A

    * FIFO: 
    N/A

    * Expression: 
    +---------------------+----------+----+---+----+------------+------------+
    |    Variable Name    | Operation| DSP| FF| LUT| Bitwidth P0| Bitwidth P1|
    +---------------------+----------+----+---+----+------------+------------+
    |empty_38_fu_58_p2    |         +|   0|  0|  26|          19|           1|
    |exitcond16_fu_52_p2  |      icmp|   0|  0|  26|          19|          19|
    +---------------------+----------+----+---+----+------------+------------+
    |Total                |          |   0|  0|  52|          38|          20|
    +---------------------+----------+----+---+----+------------+------------+

    * Multiplexer: 
    +-------------------------+----+-----------+-----+-----------+
    |           Name          | LUT| Input Size| Bits| Total Bits|
    +-------------------------+----+-----------+-----+-----------+
    |ap_done_int              |   9|          2|    1|          2|
    |ap_sig_allocacmp_p_load  |   9|          2|   19|         38|
    |empty_fu_26              |   9|          2|   19|         38|
    +-------------------------+----+-----------+-----+-----------+
    |Total                    |  27|          6|   39|         78|
    +-------------------------+----+-----------+-----+-----------+

    * Register: 
    +-------------+----+----+-----+-----------+
    |     Name    | FF | LUT| Bits| Const Bits|
    +-------------+----+----+-----+-----------+
    |ap_CS_fsm    |   1|   0|    1|          0|
    |ap_done_reg  |   1|   0|    1|          0|
    |empty_fu_26  |  19|   0|   19|          0|
    +-------------+----+----+-----+-----------+
    |Total        |  21|   0|   21|          0|
    +-------------+----+----+-----+-----------+



================================================================
== Interface
================================================================
* Summary: 
+-------------------+-----+-----+------------+-----------------------+--------------+
|     RTL Ports     | Dir | Bits|  Protocol  |     Source Object     |    C Type    |
+-------------------+-----+-----+------------+-----------------------+--------------+
|ap_clk             |   in|    1|  ap_ctrl_hs|  edgedetect_Pipeline_2|  return value|
|ap_rst             |   in|    1|  ap_ctrl_hs|  edgedetect_Pipeline_2|  return value|
|ap_start           |   in|    1|  ap_ctrl_hs|  edgedetect_Pipeline_2|  return value|
|ap_done            |  out|    1|  ap_ctrl_hs|  edgedetect_Pipeline_2|  return value|
|ap_idle            |  out|    1|  ap_ctrl_hs|  edgedetect_Pipeline_2|  return value|
|ap_ready           |  out|    1|  ap_ctrl_hs|  edgedetect_Pipeline_2|  return value|
|temp_buf_address0  |  out|   19|   ap_memory|               temp_buf|         array|
|temp_buf_ce0       |  out|    1|   ap_memory|               temp_buf|         array|
|temp_buf_we0       |  out|    1|   ap_memory|               temp_buf|         array|
|temp_buf_d0        |  out|    8|   ap_memory|               temp_buf|         array|
+-------------------+-----+-----+------------+-----------------------+--------------+

